Traceback (most recent call last):
  File "/home/user/webapp/app_complete.py", line 222, in <module>
    logger = logging.getLogger(name)
                               ^^^^
NameError: name 'name' is not defined
